✖ synthetic skill writes preserve config and deletion boundaries (767.565179ms)
ℹ tests 1
ℹ suites 0
ℹ pass 0
ℹ fail 1
ℹ cancelled 0
ℹ skipped 0
ℹ todo 0
ℹ duration_ms 940.549311

✖ failing tests:

test at packages/services/test/skills-write-permission-safety-20261002.test.ts:1:325
✖ synthetic skill writes preserve config and deletion boundaries (767.565179ms)
  AssertionError [ERR_ASSERTION]: Expected values to be strictly deep-equal:
  + actual - expected
  
  + undefined
  - {
  -   enable: false
  - }
  
      at TestContext.<anonymous> (/workspace/knorvia-studio/packages/services/test/skills-write-permission-safety-20261002.test.ts:50:12)
      at async Test.run (node:internal/test_runner/test:1125:7)
      at async startSubtestAfterBootstrap (node:internal/test_runner/harness:358:3) {
    generatedMessage: true,
    code: 'ERR_ASSERTION',
    actual: undefined,
    expected: { enable: false },
    operator: 'deepStrictEqual',
    diff: 'simple'
  }
