[2026-10-03 12:57:31.028] [pid:29864] [knorvia-server:http] [rpc:register] channel "window-controller"
[2026-10-03 12:57:31.102] [pid:29864] [knorvia-server:http] [rpc:register] channel "window-controller"
[2026-10-03 12:57:31.658] [pid:29864] [knorvia-server:http] [rpc:register] channel "window-controller"
[2026-10-03 12:57:31.965] [pid:29864] [knorvia-server:http] [rpc:register] channel "window-controller"
[2026-10-03 12:57:32.008] [pid:29864] [knorvia-server:http] [rpc:call] window-controller.subscribeControllerV4 OK (0.8ms)
[2026-10-03 12:57:32.008] [pid:29864] [knorvia-server:http] [rpc:call] window-controller.subscribeControllerV4 OK (0.2ms)
[2026-10-03 12:57:32.105] [pid:29864] [knorvia-server:http] [rpc:call] window-controller.subscribeControllerV4 OK (54.4ms)
[2026-10-03 12:57:32.105] [pid:29864] [knorvia-server:http] [rpc:call] window-controller.subscribeControllerV4 OK (14.2ms)
[2026-10-03 12:57:32.195] [pid:29864] [knorvia-server:http] [rpc:call] window-controller.listTaskList OK (173.5ms)
[2026-10-03 12:57:32.195] [pid:29864] [knorvia-server:http] [rpc:call] window-controller.listTaskList OK (103.5ms)
[2026-10-03 12:57:32.202] [pid:29864] [knorvia-server:http] [rpc:register] channel "window-controller"
[2026-10-03 12:57:32.271] [pid:29864] [knorvia-server:http] [rpc:register] channel "window-controller"
[2026-10-03 12:57:32.282] [pid:29864] [knorvia-server:http] [rpc:register] channel "window-controller"
[2026-10-03 12:57:32.658] [pid:29864] [knorvia-server:http] [rpc:register] channel "window-controller"
[2026-10-03 12:57:32.756] [pid:29864] [knorvia-server:http] [rpc:register] channel "window-controller"
[2026-10-03 12:57:32.793] [pid:29864] [knorvia-server:http] [rpc:register] channel "window-controller"
[2026-10-03 12:57:32.882] [pid:29864] [knorvia-server:http] [rpc:register] channel "window-controller"
[2026-10-03 12:57:32.954] [pid:29864] [knorvia-server:http] [rpc:call] window-controller.listTaskList OK (0.2ms)
[2026-10-03 12:57:32.954] [pid:29864] [knorvia-server:http] [rpc:call] window-controller.listTaskList OK (0.1ms)
[2026-10-03 12:57:32.978] [pid:29864] [knorvia-server:http] [rpc:register] channel "window-controller"
[2026-10-03 12:57:33.105] [pid:29864] [knorvia-server:http] [rpc:call] window-controller.listTaskList OK (0.2ms)
[2026-10-03 12:57:33.122] [pid:29864] [knorvia-server:http] [rpc:call] window-controller.listTaskList OK (0.2ms)
[2026-10-03 12:57:33.284] [pid:29864] [knorvia-server:http] [rpc:call] window-controller.listTaskList OK (4.0ms)
[2026-10-03 12:57:33.288] [pid:29864] [knorvia-server:http] [rpc:call] window-controller.listTaskList OK (0.1ms)
[2026-10-03 12:57:33.490] [pid:29864] [knorvia-server:http] [rpc:call] window-controller.subscribeControllerV4 OK (0.5ms)
[2026-10-03 12:57:33.490] [pid:29864] [knorvia-server:http] [rpc:call] window-controller.subscribeControllerV4 OK (0.2ms)
[2026-10-03 12:57:33.506] [pid:29864] [knorvia-server:http] [rpc:call] window-controller.listTaskList OK (0.1ms)
[2026-10-03 12:57:33.666] [pid:29864] [knorvia-server:http] [rpc:call] window-controller.subscribeControllerV4 OK (0.7ms)
[2026-10-03 12:57:33.666] [pid:29864] [knorvia-server:http] [rpc:call] window-controller.subscribeControllerV4 OK (0.5ms)
[2026-10-03 12:57:33.667] [pid:29864] [knorvia-server:http] [rpc:call] window-controller.listTaskList OK (0.5ms)
[2026-10-03 12:57:33.816] [pid:29864] [knorvia-server:http] [rpc:call] window-controller.subscribeControllerV4 OK (0.6ms)
[2026-10-03 12:57:33.816] [pid:29864] [knorvia-server:http] [rpc:call] window-controller.subscribeControllerV4 OK (0.4ms)
[2026-10-03 12:57:33.816] [pid:29864] [knorvia-server:http] [rpc:call] window-controller.listTaskList OK (0.4ms)
[2026-10-03 12:57:34.305] [pid:29864] [knorvia-server:http] [rpc:call] window-controller.listTaskList OK (0.1ms)
[2026-10-03 12:57:34.502] [pid:29864] [knorvia-server:http] [rpc:call] window-controller.subscribeControllerV4 OK (23.4ms)
[2026-10-03 12:57:34.502] [pid:29864] [knorvia-server:http] [rpc:call] window-controller.subscribeControllerV4 OK (23.1ms)
[2026-10-03 12:57:34.503] [pid:29864] [knorvia-server:http] [rpc:call] window-controller.listTaskList OK (0.7ms)
[2026-10-03 12:57:34.911] [pid:29864] [knorvia-server:http] [rpc:call] window-controller.listTaskList OK (0.1ms)
[2026-10-03 12:57:34.913] [pid:29864] [knorvia-server:http] [rpc:call] window-controller.subscribeControllerV4 OK (1.7ms)
[2026-10-03 12:57:34.913] [pid:29864] [knorvia-server:http] [rpc:call] window-controller.subscribeControllerV4 OK (0.6ms)
[2026-10-03 12:57:34.913] [pid:29864] [knorvia-server:http] [rpc:call] window-controller.listTaskList OK (0.5ms)
[2026-10-03 12:57:34.921] [pid:29864] [knorvia-server:http] [rpc:call] window-controller.subscribeControllerV4 OK (0.5ms)
[2026-10-03 12:57:34.921] [pid:29864] [knorvia-server:http] [rpc:call] window-controller.subscribeControllerV4 OK (0.3ms)
[2026-10-03 12:57:34.965] [pid:29864] [knorvia-server:http] [rpc:call] window-controller.listTaskList OK (0.6ms)
[2026-10-03 12:57:35.015] [pid:29864] [knorvia-server:http] [rpc:call] window-controller.subscribeControllerV4 OK (1.1ms)
[2026-10-03 12:57:35.015] [pid:29864] [knorvia-server:http] [rpc:call] window-controller.subscribeControllerV4 OK (0.9ms)
[2026-10-03 12:57:35.015] [pid:29864] [knorvia-server:http] [rpc:call] window-controller.listTaskList OK (0.8ms)
[2026-10-03 12:57:35.152] [pid:29864] [knorvia-server:http] [rpc:call] window-controller.subscribeControllerV4 OK (21.9ms)
[2026-10-03 12:57:35.152] [pid:29864] [knorvia-server:http] [rpc:call] window-controller.subscribeControllerV4 OK (21.4ms)
[2026-10-03 12:57:35.157] [pid:29864] [knorvia-server:http] [rpc:call] window-controller.listTaskList OK (6.5ms)
[2026-10-03 12:57:35.161] [pid:29864] [knorvia-server:http] [rpc:call] window-controller.subscribeControllerV4 OK (0.9ms)
[2026-10-03 12:57:35.161] [pid:29864] [knorvia-server:http] [rpc:call] window-controller.subscribeControllerV4 OK (0.6ms)
[2026-10-03 12:57:35.166] [pid:29864] [knorvia-server:http] [rpc:call] window-controller.listTaskList OK (4.7ms)
[2026-10-03 12:57:35.219] [pid:29864] [knorvia-server:http] [rpc:call] window-controller.listTaskList OK (0.3ms)
[2026-10-03 12:57:35.410] [pid:29864] [knorvia-server:http] [rpc:call] window-controller.listTaskList OK (0.1ms)
[2026-10-03 12:57:35.615] [pid:29864] [knorvia-server:http] [rpc:register] channel "window-controller"
[2026-10-03 12:57:36.062] [pid:29864] [knorvia-server:http] [rpc:call] window-controller.listTaskList OK (0.1ms)
[2026-10-03 12:57:36.088] [pid:29864] [knorvia-server:http] [rpc:call] window-controller.listTaskList OK (0.1ms)
[2026-10-03 12:57:36.117] [pid:29864] [knorvia-server:http] [rpc:call] window-controller.listTaskList OK (0.1ms)
[2026-10-03 12:57:36.118] [pid:29864] [knorvia-server:http] [rpc:call] window-controller.listTaskList OK (0.1ms)
[2026-10-03 12:57:36.280] [pid:29864] [knorvia-server:http] [rpc:call] window-controller.listTaskList OK (0.4ms)
[2026-10-03 12:57:37.311] [pid:29864] [knorvia-server:http] [rpc:call] window-controller.subscribeControllerV4 OK (0.6ms)
[2026-10-03 12:57:37.311] [pid:29864] [knorvia-server:http] [rpc:call] window-controller.subscribeControllerV4 OK (0.1ms)
[2026-10-03 12:57:37.312] [pid:29864] [knorvia-server:http] [rpc:call] window-controller.listTaskList OK (0.1ms)
[2026-10-03 12:57:37.655] [pid:29864] [knorvia-server:http] [rpc:call] window-controller.listTaskList OK (0.1ms)
[2026-10-03 12:57:47.729] [pid:29864] [knorvia-server:http] [rpc:register] channel "window-controller"
[2026-10-03 12:57:47.893] [pid:29864] [knorvia-server:http] [rpc:call] window-controller.subscribeControllerV4 OK (0.2ms)
[2026-10-03 12:57:47.899] [pid:29864] [knorvia-server:http] [rpc:call] window-controller.subscribeControllerV4 OK (0.6ms)
[2026-10-03 12:57:47.899] [pid:29864] [knorvia-server:http] [rpc:call] window-controller.listTaskList OK (1.1ms)
[2026-10-03 12:57:48.040] [pid:29864] [knorvia-server:http] [rpc:call] window-controller.listTaskList OK (0.1ms)
[2026-10-03 12:58:05.253] [pid:29864] [knorvia-server:http] [rpc:call] window-controller.listTaskList OK (9.3ms)
[2026-10-03 12:58:05.255] [pid:29864] [knorvia-server:http] [rpc:call] window-controller.listTaskList OK (0.1ms)
[2026-10-03 12:58:05.327] [pid:29864] [knorvia-server:http] [rpc:call] window-controller.listTaskList OK (3.5ms)
[2026-10-03 12:58:05.351] [pid:29864] [knorvia-server:http] [rpc:call] window-controller.listTaskList OK (23.4ms)
[2026-10-03 12:58:05.352] [pid:29864] [knorvia-server:http] [rpc:call] window-controller.listTaskList OK (0.8ms)
[2026-10-03 12:58:05.352] [pid:29864] [knorvia-server:http] [rpc:call] window-controller.listTaskList OK (0.1ms)
[2026-10-03 12:58:05.360] [pid:29864] [knorvia-server:http] [rpc:call] window-controller.listTaskList OK (7.2ms)
[2026-10-03 12:58:05.363] [pid:29864] [knorvia-server:http] [rpc:call] window-controller.listTaskList OK (2.0ms)
[2026-10-03 12:58:05.371] [pid:29864] [knorvia-server:http] [rpc:call] window-controller.listTaskList OK (6.7ms)
[2026-10-03 12:58:05.376] [pid:29864] [knorvia-server:http] [rpc:call] window-controller.listTaskList OK (1.5ms)
[2026-10-03 12:58:05.378] [pid:29864] [knorvia-server:http] [rpc:call] window-controller.listTaskList OK (2.3ms)
[2026-10-03 12:58:05.555] [pid:29864] [knorvia-server:http] [rpc:call] window-controller.listTaskList OK (0.1ms)
[2026-10-03 12:58:07.024] [pid:29864] [knorvia-server:http] [rpc:register] channel "window-controller"
[2026-10-03 12:58:07.205] [pid:29864] [knorvia-server:http] [rpc:call] window-controller.subscribeControllerV4 OK (1.2ms)
[2026-10-03 12:58:07.205] [pid:29864] [knorvia-server:http] [rpc:call] window-controller.subscribeControllerV4 OK (0.8ms)
[2026-10-03 12:58:07.206] [pid:29864] [knorvia-server:http] [rpc:call] window-controller.listTaskList OK (2.1ms)
[2026-10-03 12:58:07.300] [pid:29864] [knorvia-server:http] [rpc:call] window-controller.listTaskList OK (0.6ms)
[2026-10-03 12:58:09.749] [pid:29864] [knorvia-server:http] [rpc:call] window-controller.listTaskList OK (0.1ms)
[2026-10-03 12:58:09.765] [pid:29864] [knorvia-server:http] [rpc:call] window-controller.listTaskList OK (1.5ms)
[2026-10-03 12:58:09.791] [pid:29864] [knorvia-server:http] [rpc:call] window-controller.listTaskList OK (3.7ms)
[2026-10-03 12:58:09.795] [pid:29864] [knorvia-server:http] [rpc:call] window-controller.listTaskList OK (1.2ms)
[2026-10-03 12:58:09.798] [pid:29864] [knorvia-server:http] [rpc:call] window-controller.listTaskList OK (0.1ms)
[2026-10-03 12:58:09.799] [pid:29864] [knorvia-server:http] [rpc:call] window-controller.listTaskList OK (0.2ms)
[2026-10-03 12:58:09.802] [pid:29864] [knorvia-server:http] [rpc:call] window-controller.listTaskList OK (1.4ms)
[2026-10-03 12:58:09.805] [pid:29864] [knorvia-server:http] [rpc:call] window-controller.listTaskList OK (3.0ms)
[2026-10-03 12:58:09.812] [pid:29864] [knorvia-server:http] [rpc:call] window-controller.listTaskList OK (6.5ms)
[2026-10-03 12:58:09.814] [pid:29864] [knorvia-server:http] [rpc:call] window-controller.listTaskList OK (1.3ms)
[2026-10-03 12:58:09.823] [pid:29864] [knorvia-server:http] [rpc:call] window-controller.listTaskList OK (8.3ms)
[2026-10-03 12:58:09.957] [pid:29864] [knorvia-server:http] [rpc:call] window-controller.listTaskList OK (0.2ms)
[2026-10-03 12:58:17.769] [pid:29864] [agent] Knorvia Studio agent spawn preflight {
  workspaceKey: '/tmp/knorvia-ui-gui-20261003-bxvoxp5q/workspaces/alpha',
  spawnPreflight: {
    command: '/tmp/knorvia-ui-node-24.14-ng6jirph/node-v24.14.0-linux-x64/bin/node',
    args: [
      '/workspace/knorvia-studio/apps/cli/packages/cli/dist/knorvia.cjs',
      'app-server',
      '--stdio'
    ],
    requestedCwd: '/tmp/knorvia-ui-gui-20261003-bxvoxp5q/workspaces/alpha',
    cwd: '/tmp/knorvia-ui-gui-20261003-bxvoxp5q/workspaces/alpha',
    cwdSource: 'command',
    commandPathKind: 'absolute',
    commandExists: true,
    cwdExists: true
  }
}
[2026-10-03 12:58:19.431] [pid:29864] [knorvia-task-index-syncer] task index sessions-index 订阅失败 reason=initial workspace=/tmp/knorvia-ui-gui-20261003-bxvoxp5q/workspaces/alpha {
  name: 'Error',
  message: 'SQLite startup failed: open_failed',
  stack: 'Error: SQLite startup failed: open_failed\n' +
    '    at KnorviaStorageStartupGate.rejectStartup (file:///workspace/knorvia-studio/packages/server/dist/gui-acceptance-902.mjs:61235:22)\n' +
    '    at KnorviaStorageStartupGate.accept (file:///workspace/knorvia-studio/packages/server/dist/gui-acceptance-902.mjs:61179:14)\n' +
    '    at KnorviaProtocolClient.route (file:///workspace/knorvia-studio/packages/server/dist/gui-acceptance-902.mjs:61490:79)\n' +
    '    at file:///workspace/knorvia-studio/packages/server/dist/gui-acceptance-902.mjs:61380:46\n' +
    '    at Emitter.fire (file:///workspace/knorvia-studio/packages/server/dist/gui-acceptance-902.mjs:33289:11)\n' +
    '    at KnorviaStdioTransport.dispatchFrame (file:///workspace/knorvia-studio/packages/server/dist/gui-acceptance-902.mjs:62664:27)\n' +
    '    at Socket.receiveData (file:///workspace/knorvia-studio/packages/server/dist/gui-acceptance-902.mjs:62656:12)\n' +
    '    at Socket.emit (node:events:508:28)\n' +
    '    at addChunk (node:internal/streams/readable:563:12)\n' +
    '    at readableAddChunkPushByteMode (node:internal/streams/readable:514:3)'
}
[2026-10-03 12:58:19.434] [pid:29864] [knorvia-task-index-syncer] task index workspace-config 订阅失败 reason=initial workspace=/tmp/knorvia-ui-gui-20261003-bxvoxp5q/workspaces/alpha {
  name: 'Error',
  message: 'SQLite startup failed: open_failed',
  stack: 'Error: SQLite startup failed: open_failed\n' +
    '    at KnorviaStorageStartupGate.rejectStartup (file:///workspace/knorvia-studio/packages/server/dist/gui-acceptance-902.mjs:61235:22)\n' +
    '    at KnorviaStorageStartupGate.accept (file:///workspace/knorvia-studio/packages/server/dist/gui-acceptance-902.mjs:61179:14)\n' +
    '    at KnorviaProtocolClient.route (file:///workspace/knorvia-studio/packages/server/dist/gui-acceptance-902.mjs:61490:79)\n' +
    '    at file:///workspace/knorvia-studio/packages/server/dist/gui-acceptance-902.mjs:61380:46\n' +
    '    at Emitter.fire (file:///workspace/knorvia-studio/packages/server/dist/gui-acceptance-902.mjs:33289:11)\n' +
    '    at KnorviaStdioTransport.dispatchFrame (file:///workspace/knorvia-studio/packages/server/dist/gui-acceptance-902.mjs:62664:27)\n' +
    '    at Socket.receiveData (file:///workspace/knorvia-studio/packages/server/dist/gui-acceptance-902.mjs:62656:12)\n' +
    '    at Socket.emit (node:events:508:28)\n' +
    '    at addChunk (node:internal/streams/readable:563:12)\n' +
    '    at readableAddChunkPushByteMode (node:internal/streams/readable:514:3)'
}
[2026-10-03 12:58:19.435] [pid:29864] [knorvia-server:http] window-controller source failed { operation: 'refresh', message: 'SQLite startup failed: open_failed' }
[2026-10-03 12:58:19.435] [pid:29864] [knorvia-server:http] [rpc:call] agent.subscribeSessionsIndexV4 FAIL (1649.5ms) Error: SQLite startup failed: open_failed
    at KnorviaStorageStartupGate.rejectStartup (file:///workspace/knorvia-studio/packages/server/dist/gui-acceptance-902.mjs:61235:22)
    at KnorviaStorageStartupGate.accept (file:///workspace/knorvia-studio/packages/server/dist/gui-acceptance-902.mjs:61179:14)
    at KnorviaProtocolClient.route (file:///workspace/knorvia-studio/packages/server/dist/gui-acceptance-902.mjs:61490:79)
    at file:///workspace/knorvia-studio/packages/server/dist/gui-acceptance-902.mjs:61380:46
    at Emitter.fire (file:///workspace/knorvia-studio/packages/server/dist/gui-acceptance-902.mjs:33289:11)
    at KnorviaStdioTransport.dispatchFrame (file:///workspace/knorvia-studio/packages/server/dist/gui-acceptance-902.mjs:62664:27)
    at Socket.receiveData (file:///workspace/knorvia-studio/packages/server/dist/gui-acceptance-902.mjs:62656:12)
    at Socket.emit (node:events:508:28)
    at addChunk (node:internal/streams/readable:563:12)
    at readableAddChunkPushByteMode (node:internal/streams/readable:514:3)
[2026-10-03 12:58:19.435] [pid:29864] [knorvia-server:http] [rpc:call] agent.subscribeSessionsIndexV4 FAIL (1649.4ms) Error: SQLite startup failed: open_failed
    at KnorviaStorageStartupGate.rejectStartup (file:///workspace/knorvia-studio/packages/server/dist/gui-acceptance-902.mjs:61235:22)
    at KnorviaStorageStartupGate.accept (file:///workspace/knorvia-studio/packages/server/dist/gui-acceptance-902.mjs:61179:14)
    at KnorviaProtocolClient.route (file:///workspace/knorvia-studio/packages/server/dist/gui-acceptance-902.mjs:61490:79)
    at file:///workspace/knorvia-studio/packages/server/dist/gui-acceptance-902.mjs:61380:46
    at Emitter.fire (file:///workspace/knorvia-studio/packages/server/dist/gui-acceptance-902.mjs:33289:11)
    at KnorviaStdioTransport.dispatchFrame (file:///workspace/knorvia-studio/packages/server/dist/gui-acceptance-902.mjs:62664:27)
    at Socket.receiveData (file:///workspace/knorvia-studio/packages/server/dist/gui-acceptance-902.mjs:62656:12)
    at Socket.emit (node:events:508:28)
    at addChunk (node:internal/streams/readable:563:12)
    at readableAddChunkPushByteMode (node:internal/streams/readable:514:3)
[2026-10-03 12:58:19.435] [pid:29864] [knorvia-server:http] [rpc:call] agent.subscribeSessionsIndexV4 FAIL (1645.3ms) Error: SQLite startup failed: open_failed
    at KnorviaStorageStartupGate.rejectStartup (file:///workspace/knorvia-studio/packages/server/dist/gui-acceptance-902.mjs:61235:22)
    at KnorviaStorageStartupGate.accept (file:///workspace/knorvia-studio/packages/server/dist/gui-acceptance-902.mjs:61179:14)
    at KnorviaProtocolClient.route (file:///workspace/knorvia-studio/packages/server/dist/gui-acceptance-902.mjs:61490:79)
    at file:///workspace/knorvia-studio/packages/server/dist/gui-acceptance-902.mjs:61380:46
    at Emitter.fire (file:///workspace/knorvia-studio/packages/server/dist/gui-acceptance-902.mjs:33289:11)
    at KnorviaStdioTransport.dispatchFrame (file:///workspace/knorvia-studio/packages/server/dist/gui-acceptance-902.mjs:62664:27)
    at Socket.receiveData (file:///workspace/knorvia-studio/packages/server/dist/gui-acceptance-902.mjs:62656:12)
    at Socket.emit (node:events:508:28)
    at addChunk (node:internal/streams/readable:563:12)
    at readableAddChunkPushByteMode (node:internal/streams/readable:514:3)
[2026-10-03 12:58:19.435] [pid:29864] [knorvia-server:http] [rpc:call] agent.subscribeSessionsIndexV4 FAIL (1645.1ms) Error: SQLite startup failed: open_failed
    at KnorviaStorageStartupGate.rejectStartup (file:///workspace/knorvia-studio/packages/server/dist/gui-acceptance-902.mjs:61235:22)
    at KnorviaStorageStartupGate.accept (file:///workspace/knorvia-studio/packages/server/dist/gui-acceptance-902.mjs:61179:14)
    at KnorviaProtocolClient.route (file:///workspace/knorvia-studio/packages/server/dist/gui-acceptance-902.mjs:61490:79)
    at file:///workspace/knorvia-studio/packages/server/dist/gui-acceptance-902.mjs:61380:46
    at Emitter.fire (file:///workspace/knorvia-studio/packages/server/dist/gui-acceptance-902.mjs:33289:11)
    at KnorviaStdioTransport.dispatchFrame (file:///workspace/knorvia-studio/packages/server/dist/gui-acceptance-902.mjs:62664:27)
    at Socket.receiveData (file:///workspace/knorvia-studio/packages/server/dist/gui-acceptance-902.mjs:62656:12)
    at Socket.emit (node:events:508:28)
    at addChunk (node:internal/streams/readable:563:12)
    at readableAddChunkPushByteMode (node:internal/streams/readable:514:3)
[2026-10-03 12:58:19.435] [pid:29864] [knorvia-server:http] [rpc:call] agent.subscribeSessionsIndexV4 FAIL (1645.1ms) Error: SQLite startup failed: open_failed
    at KnorviaStorageStartupGate.rejectStartup (file:///workspace/knorvia-studio/packages/server/dist/gui-acceptance-902.mjs:61235:22)
    at KnorviaStorageStartupGate.accept (file:///workspace/knorvia-studio/packages/server/dist/gui-acceptance-902.mjs:61179:14)
    at KnorviaProtocolClient.route (file:///workspace/knorvia-studio/packages/server/dist/gui-acceptance-902.mjs:61490:79)
    at file:///workspace/knorvia-studio/packages/server/dist/gui-acceptance-902.mjs:61380:46
    at Emitter.fire (file:///workspace/knorvia-studio/packages/server/dist/gui-acceptance-902.mjs:33289:11)
    at KnorviaStdioTransport.dispatchFrame (file:///workspace/knorvia-studio/packages/server/dist/gui-acceptance-902.mjs:62664:27)
    at Socket.receiveData (file:///workspace/knorvia-studio/packages/server/dist/gui-acceptance-902.mjs:62656:12)
    at Socket.emit (node:events:508:28)
    at addChunk (node:internal/streams/readable:563:12)
    at readableAddChunkPushByteMode (node:internal/streams/readable:514:3)
[2026-10-03 12:58:19.435] [pid:29864] [knorvia-server:http] [rpc:call] agent.subscribeSessionsIndexV4 FAIL (1642.0ms) Error: SQLite startup failed: open_failed
    at KnorviaStorageStartupGate.rejectStartup (file:///workspace/knorvia-studio/packages/server/dist/gui-acceptance-902.mjs:61235:22)
    at KnorviaStorageStartupGate.accept (file:///workspace/knorvia-studio/packages/server/dist/gui-acceptance-902.mjs:61179:14)
    at KnorviaProtocolClient.route (file:///workspace/knorvia-studio/packages/server/dist/gui-acceptance-902.mjs:61490:79)
    at file:///workspace/knorvia-studio/packages/server/dist/gui-acceptance-902.mjs:61380:46
    at Emitter.fire (file:///workspace/knorvia-studio/packages/server/dist/gui-acceptance-902.mjs:33289:11)
    at KnorviaStdioTransport.dispatchFrame (file:///workspace/knorvia-studio/packages/server/dist/gui-acceptance-902.mjs:62664:27)
    at Socket.receiveData (file:///workspace/knorvia-studio/packages/server/dist/gui-acceptance-902.mjs:62656:12)
    at Socket.emit (node:events:508:28)
    at addChunk (node:internal/streams/readable:563:12)
    at readableAddChunkPushByteMode (node:internal/streams/readable:514:3)
[2026-10-03 12:58:19.435] [pid:29864] [knorvia-server:http] [rpc:call] agent.subscribeSessionsIndexV4 FAIL (1641.6ms) Error: SQLite startup failed: open_failed
    at KnorviaStorageStartupGate.rejectStartup (file:///workspace/knorvia-studio/packages/server/dist/gui-acceptance-902.mjs:61235:22)
    at KnorviaStorageStartupGate.accept (file:///workspace/knorvia-studio/packages/server/dist/gui-acceptance-902.mjs:61179:14)
    at KnorviaProtocolClient.route (file:///workspace/knorvia-studio/packages/server/dist/gui-acceptance-902.mjs:61490:79)
    at file:///workspace/knorvia-studio/packages/server/dist/gui-acceptance-902.mjs:61380:46
    at Emitter.fire (file:///workspace/knorvia-studio/packages/server/dist/gui-acceptance-902.mjs:33289:11)
    at KnorviaStdioTransport.dispatchFrame (file:///workspace/knorvia-studio/packages/server/dist/gui-acceptance-902.mjs:62664:27)
    at Socket.receiveData (file:///workspace/knorvia-studio/packages/server/dist/gui-acceptance-902.mjs:62656:12)
    at Socket.emit (node:events:508:28)
    at addChunk (node:internal/streams/readable:563:12)
    at readableAddChunkPushByteMode (node:internal/streams/readable:514:3)
[2026-10-03 12:58:19.436] [pid:29864] [knorvia-server:http] [rpc:call] agent.subscribeSessionsIndexV4 FAIL (1637.9ms) Error: SQLite startup failed: open_failed
    at KnorviaStorageStartupGate.rejectStartup (file:///workspace/knorvia-studio/packages/server/dist/gui-acceptance-902.mjs:61235:22)
    at KnorviaStorageStartupGate.accept (file:///workspace/knorvia-studio/packages/server/dist/gui-acceptance-902.mjs:61179:14)
    at KnorviaProtocolClient.route (file:///workspace/knorvia-studio/packages/server/dist/gui-acceptance-902.mjs:61490:79)
    at file:///workspace/knorvia-studio/packages/server/dist/gui-acceptance-902.mjs:61380:46
    at Emitter.fire (file:///workspace/knorvia-studio/packages/server/dist/gui-acceptance-902.mjs:33289:11)
    at KnorviaStdioTransport.dispatchFrame (file:///workspace/knorvia-studio/packages/server/dist/gui-acceptance-902.mjs:62664:27)
    at Socket.receiveData (file:///workspace/knorvia-studio/packages/server/dist/gui-acceptance-902.mjs:62656:12)
    at Socket.emit (node:events:508:28)
    at addChunk (node:internal/streams/readable:563:12)
    at readableAddChunkPushByteMode (node:internal/streams/readable:514:3)
[2026-10-03 12:58:19.436] [pid:29864] [knorvia-server:http] [rpc:call] agent.subscribeSessionsIndexV4 FAIL (1634.1ms) Error: SQLite startup failed: open_failed
    at KnorviaStorageStartupGate.rejectStartup (file:///workspace/knorvia-studio/packages/server/dist/gui-acceptance-902.mjs:61235:22)
    at KnorviaStorageStartupGate.accept (file:///workspace/knorvia-studio/packages/server/dist/gui-acceptance-902.mjs:61179:14)
    at KnorviaProtocolClient.route (file:///workspace/knorvia-studio/packages/server/dist/gui-acceptance-902.mjs:61490:79)
    at file:///workspace/knorvia-studio/packages/server/dist/gui-acceptance-902.mjs:61380:46
    at Emitter.fire (file:///workspace/knorvia-studio/packages/server/dist/gui-acceptance-902.mjs:33289:11)
    at KnorviaStdioTransport.dispatchFrame (file:///workspace/knorvia-studio/packages/server/dist/gui-acceptance-902.mjs:62664:27)
    at Socket.receiveData (file:///workspace/knorvia-studio/packages/server/dist/gui-acceptance-902.mjs:62656:12)
    at Socket.emit (node:events:508:28)
    at addChunk (node:internal/streams/readable:563:12)
    at readableAddChunkPushByteMode (node:internal/streams/readable:514:3)
[2026-10-03 12:58:19.436] [pid:29864] [knorvia-server:http] [rpc:call] agent.subscribeSessionsIndexV4 FAIL (1634.0ms) Error: SQLite startup failed: open_failed
    at KnorviaStorageStartupGate.rejectStartup (file:///workspace/knorvia-studio/packages/server/dist/gui-acceptance-902.mjs:61235:22)
    at KnorviaStorageStartupGate.accept (file:///workspace/knorvia-studio/packages/server/dist/gui-acceptance-902.mjs:61179:14)
    at KnorviaProtocolClient.route (file:///workspace/knorvia-studio/packages/server/dist/gui-acceptance-902.mjs:61490:79)
    at file:///workspace/knorvia-studio/packages/server/dist/gui-acceptance-902.mjs:61380:46
    at Emitter.fire (file:///workspace/knorvia-studio/packages/server/dist/gui-acceptance-902.mjs:33289:11)
    at KnorviaStdioTransport.dispatchFrame (file:///workspace/knorvia-studio/packages/server/dist/gui-acceptance-902.mjs:62664:27)
    at Socket.receiveData (file:///workspace/knorvia-studio/packages/server/dist/gui-acceptance-902.mjs:62656:12)
    at Socket.emit (node:events:508:28)
    at addChunk (node:internal/streams/readable:563:12)
    at readableAddChunkPushByteMode (node:internal/streams/readable:514:3)
[2026-10-03 12:58:19.436] [pid:29864] [knorvia-server:http] [rpc:call] agent.subscribeSessionsIndexV4 FAIL (1622.1ms) Error: SQLite startup failed: open_failed
    at KnorviaStorageStartupGate.rejectStartup (file:///workspace/knorvia-studio/packages/server/dist/gui-acceptance-902.mjs:61235:22)
    at KnorviaStorageStartupGate.accept (file:///workspace/knorvia-studio/packages/server/dist/gui-acceptance-902.mjs:61179:14)
    at KnorviaProtocolClient.route (file:///workspace/knorvia-studio/packages/server/dist/gui-acceptance-902.mjs:61490:79)
    at file:///workspace/knorvia-studio/packages/server/dist/gui-acceptance-902.mjs:61380:46
    at Emitter.fire (file:///workspace/knorvia-studio/packages/server/dist/gui-acceptance-902.mjs:33289:11)
    at KnorviaStdioTransport.dispatchFrame (file:///workspace/knorvia-studio/packages/server/dist/gui-acceptance-902.mjs:62664:27)
    at Socket.receiveData (file:///workspace/knorvia-studio/packages/server/dist/gui-acceptance-902.mjs:62656:12)
    at Socket.emit (node:events:508:28)
    at addChunk (node:internal/streams/readable:563:12)
    at readableAddChunkPushByteMode (node:internal/streams/readable:514:3)
[2026-10-03 12:58:19.436] [pid:29864] [knorvia-server:http] [rpc:call] agent.subscribeSessionsIndexV4 FAIL (1503.1ms) Error: SQLite startup failed: open_failed
    at KnorviaStorageStartupGate.rejectStartup (file:///workspace/knorvia-studio/packages/server/dist/gui-acceptance-902.mjs:61235:22)
    at KnorviaStorageStartupGate.accept (file:///workspace/knorvia-studio/packages/server/dist/gui-acceptance-902.mjs:61179:14)
    at KnorviaProtocolClient.route (file:///workspace/knorvia-studio/packages/server/dist/gui-acceptance-902.mjs:61490:79)
    at file:///workspace/knorvia-studio/packages/server/dist/gui-acceptance-902.mjs:61380:46
    at Emitter.fire (file:///workspace/knorvia-studio/packages/server/dist/gui-acceptance-902.mjs:33289:11)
    at KnorviaStdioTransport.dispatchFrame (file:///workspace/knorvia-studio/packages/server/dist/gui-acceptance-902.mjs:62664:27)
    at Socket.receiveData (file:///workspace/knorvia-studio/packages/server/dist/gui-acceptance-902.mjs:62656:12)
    at Socket.emit (node:events:508:28)
    at addChunk (node:internal/streams/readable:563:12)
    at readableAddChunkPushByteMode (node:internal/streams/readable:514:3)
[2026-10-03 12:58:19.437] [pid:29864] [agent-service] Knorvia Studio Protocol workspace/readPresentation 失败 {
  durationMs: 1677,
  message: 'SQLite startup failed: open_failed',
  workspaceKey: '/tmp/knorvia-ui-gui-20261003-bxvoxp5q/workspaces/alpha',
  workspacePath: '/tmp/knorvia-ui-gui-20261003-bxvoxp5q/workspaces/alpha'
}
[2026-10-03 12:58:19.437] [pid:29864] [knorvia-server:http] [rpc:call] agent-session.readWorkspacePresentation FAIL (1677.2ms) Error: SQLite startup failed: open_failed
    at KnorviaStorageStartupGate.rejectStartup (file:///workspace/knorvia-studio/packages/server/dist/gui-acceptance-902.mjs:61235:22)
    at KnorviaStorageStartupGate.accept (file:///workspace/knorvia-studio/packages/server/dist/gui-acceptance-902.mjs:61179:14)
    at KnorviaProtocolClient.route (file:///workspace/knorvia-studio/packages/server/dist/gui-acceptance-902.mjs:61490:79)
    at file:///workspace/knorvia-studio/packages/server/dist/gui-acceptance-902.mjs:61380:46
    at Emitter.fire (file:///workspace/knorvia-studio/packages/server/dist/gui-acceptance-902.mjs:33289:11)
    at KnorviaStdioTransport.dispatchFrame (file:///workspace/knorvia-studio/packages/server/dist/gui-acceptance-902.mjs:62664:27)
    at Socket.receiveData (file:///workspace/knorvia-studio/packages/server/dist/gui-acceptance-902.mjs:62656:12)
    at Socket.emit (node:events:508:28)
    at addChunk (node:internal/streams/readable:563:12)
    at readableAddChunkPushByteMode (node:internal/streams/readable:514:3)
[2026-10-03 12:58:19.437] [pid:29864] [knorvia-server:http] [rpc:call] agent.conversationWorkflowRunsV4 FAIL (1590.0ms) Error: SQLite startup failed: open_failed
    at KnorviaStorageStartupGate.rejectStartup (file:///workspace/knorvia-studio/packages/server/dist/gui-acceptance-902.mjs:61235:22)
    at KnorviaStorageStartupGate.accept (file:///workspace/knorvia-studio/packages/server/dist/gui-acceptance-902.mjs:61179:14)
    at KnorviaProtocolClient.route (file:///workspace/knorvia-studio/packages/server/dist/gui-acceptance-902.mjs:61490:79)
    at file:///workspace/knorvia-studio/packages/server/dist/gui-acceptance-902.mjs:61380:46
    at Emitter.fire (file:///workspace/knorvia-studio/packages/server/dist/gui-acceptance-902.mjs:33289:11)
    at KnorviaStdioTransport.dispatchFrame (file:///workspace/knorvia-studio/packages/server/dist/gui-acceptance-902.mjs:62664:27)
    at Socket.receiveData (file:///workspace/knorvia-studio/packages/server/dist/gui-acceptance-902.mjs:62656:12)
    at Socket.emit (node:events:508:28)
    at addChunk (node:internal/streams/readable:563:12)
    at readableAddChunkPushByteMode (node:internal/streams/readable:514:3)
[2026-10-03 12:58:19.437] [pid:29864] [knorvia-server:http] [rpc:call] agent.subscribeConversationV4 FAIL (1589.8ms) Error: SQLite startup failed: open_failed
    at KnorviaStorageStartupGate.rejectStartup (file:///workspace/knorvia-studio/packages/server/dist/gui-acceptance-902.mjs:61235:22)
    at KnorviaStorageStartupGate.accept (file:///workspace/knorvia-studio/packages/server/dist/gui-acceptance-902.mjs:61179:14)
    at KnorviaProtocolClient.route (file:///workspace/knorvia-studio/packages/server/dist/gui-acceptance-902.mjs:61490:79)
    at file:///workspace/knorvia-studio/packages/server/dist/gui-acceptance-902.mjs:61380:46
    at Emitter.fire (file:///workspace/knorvia-studio/packages/server/dist/gui-acceptance-902.mjs:33289:11)
    at KnorviaStdioTransport.dispatchFrame (file:///workspace/knorvia-studio/packages/server/dist/gui-acceptance-902.mjs:62664:27)
    at Socket.receiveData (file:///workspace/knorvia-studio/packages/server/dist/gui-acceptance-902.mjs:62656:12)
    at Socket.emit (node:events:508:28)
    at addChunk (node:internal/streams/readable:563:12)
    at readableAddChunkPushByteMode (node:internal/streams/readable:514:3)
[2026-10-03 12:58:19.677] [pid:29864] [agent] Knorvia Studio agent process exited {
  workspaceKey: '/tmp/knorvia-ui-gui-20261003-bxvoxp5q/workspaces/alpha',
  pid: 30382,
  runtimeIdentity: '/tmp/knorvia-ui-gui-20261003-bxvoxp5q/workspaces/alpha:1:30382',
  code: 1,
  signal: null,
  terminationKind: 'unexpected',
  terminationReason: 'protocol-close'
}
[2026-10-03 12:58:19.678] [pid:29864] [agent] Knorvia Studio agent process exited unexpectedly {
  workspaceKey: '/tmp/knorvia-ui-gui-20261003-bxvoxp5q/workspaces/alpha',
  pid: 30382,
  runtimeIdentity: '/tmp/knorvia-ui-gui-20261003-bxvoxp5q/workspaces/alpha:1:30382',
  code: 1,
  signal: null,
  terminationKind: 'unexpected',
  terminationReason: 'protocol-close',
  stderr: {
    lineCount: 1,
    tail: [
      'Error: Failed to open SQLite session database at /home/agent/.knorvia-studio/cli/db/db.sqlite'
    ]
  }
}
[2026-10-03 12:58:19.719] [pid:29864] [agent] Knorvia Studio agent process cleanup completed {
  workspaceKey: '/tmp/knorvia-ui-gui-20261003-bxvoxp5q/workspaces/alpha',
  pid: 30382,
  runtimeIdentity: '/tmp/knorvia-ui-gui-20261003-bxvoxp5q/workspaces/alpha:1:30382',
  reason: 'protocol-close'
}
[2026-10-03 12:58:19.854] [pid:29864] [agent] Knorvia Studio agent spawn preflight {
  workspaceKey: '/tmp/knorvia-ui-gui-20261003-bxvoxp5q/workspaces/alpha',
  spawnPreflight: {
    command: '/tmp/knorvia-ui-node-24.14-ng6jirph/node-v24.14.0-linux-x64/bin/node',
    args: [
      '/workspace/knorvia-studio/apps/cli/packages/cli/dist/knorvia.cjs',
      'app-server',
      '--stdio'
    ],
    requestedCwd: '/tmp/knorvia-ui-gui-20261003-bxvoxp5q/workspaces/alpha',
    cwd: '/tmp/knorvia-ui-gui-20261003-bxvoxp5q/workspaces/alpha',
    cwdSource: 'command',
    commandPathKind: 'absolute',
    commandExists: true,
    cwdExists: true
  }
}
[2026-10-03 12:58:21.596] [pid:29864] [knorvia-server:http] window-controller source failed { operation: 'refresh', message: 'SQLite startup failed: open_failed' }
[2026-10-03 12:58:21.596] [pid:29864] [knorvia-server:http] [rpc:call] agent.subscribeSessionsIndexV4 FAIL (1627.4ms) Error: SQLite startup failed: open_failed
    at KnorviaStorageStartupGate.rejectStartup (file:///workspace/knorvia-studio/packages/server/dist/gui-acceptance-902.mjs:61235:22)
    at KnorviaStorageStartupGate.accept (file:///workspace/knorvia-studio/packages/server/dist/gui-acceptance-902.mjs:61179:14)
    at KnorviaProtocolClient.route (file:///workspace/knorvia-studio/packages/server/dist/gui-acceptance-902.mjs:61490:79)
    at file:///workspace/knorvia-studio/packages/server/dist/gui-acceptance-902.mjs:61380:46
    at Emitter.fire (file:///workspace/knorvia-studio/packages/server/dist/gui-acceptance-902.mjs:33289:11)
    at KnorviaStdioTransport.dispatchFrame (file:///workspace/knorvia-studio/packages/server/dist/gui-acceptance-902.mjs:62664:27)
    at Socket.receiveData (file:///workspace/knorvia-studio/packages/server/dist/gui-acceptance-902.mjs:62656:12)
    at Socket.emit (node:events:508:28)
    at addChunk (node:internal/streams/readable:563:12)
    at readableAddChunkPushByteMode (node:internal/streams/readable:514:3)
[2026-10-03 12:58:21.596] [pid:29864] [knorvia-server:http] [rpc:call] agent.subscribeSessionsIndexV4 FAIL (1627.1ms) Error: SQLite startup failed: open_failed
    at KnorviaStorageStartupGate.rejectStartup (file:///workspace/knorvia-studio/packages/server/dist/gui-acceptance-902.mjs:61235:22)
    at KnorviaStorageStartupGate.accept (file:///workspace/knorvia-studio/packages/server/dist/gui-acceptance-902.mjs:61179:14)
    at KnorviaProtocolClient.route (file:///workspace/knorvia-studio/packages/server/dist/gui-acceptance-902.mjs:61490:79)
    at file:///workspace/knorvia-studio/packages/server/dist/gui-acceptance-902.mjs:61380:46
    at Emitter.fire (file:///workspace/knorvia-studio/packages/server/dist/gui-acceptance-902.mjs:33289:11)
    at KnorviaStdioTransport.dispatchFrame (file:///workspace/knorvia-studio/packages/server/dist/gui-acceptance-902.mjs:62664:27)
    at Socket.receiveData (file:///workspace/knorvia-studio/packages/server/dist/gui-acceptance-902.mjs:62656:12)
    at Socket.emit (node:events:508:28)
    at addChunk (node:internal/streams/readable:563:12)
    at readableAddChunkPushByteMode (node:internal/streams/readable:514:3)
[2026-10-03 12:58:21.596] [pid:29864] [knorvia-server:http] [rpc:call] agent.subscribeSessionsIndexV4 FAIL (1627.0ms) Error: SQLite startup failed: open_failed
    at KnorviaStorageStartupGate.rejectStartup (file:///workspace/knorvia-studio/packages/server/dist/gui-acceptance-902.mjs:61235:22)
    at KnorviaStorageStartupGate.accept (file:///workspace/knorvia-studio/packages/server/dist/gui-acceptance-902.mjs:61179:14)
    at KnorviaProtocolClient.route (file:///workspace/knorvia-studio/packages/server/dist/gui-acceptance-902.mjs:61490:79)
    at file:///workspace/knorvia-studio/packages/server/dist/gui-acceptance-902.mjs:61380:46
    at Emitter.fire (file:///workspace/knorvia-studio/packages/server/dist/gui-acceptance-902.mjs:33289:11)
    at KnorviaStdioTransport.dispatchFrame (file:///workspace/knorvia-studio/packages/server/dist/gui-acceptance-902.mjs:62664:27)
    at Socket.receiveData (file:///workspace/knorvia-studio/packages/server/dist/gui-acceptance-902.mjs:62656:12)
    at Socket.emit (node:events:508:28)
    at addChunk (node:internal/streams/readable:563:12)
    at readableAddChunkPushByteMode (node:internal/streams/readable:514:3)
[2026-10-03 12:58:21.596] [pid:29864] [knorvia-server:http] [rpc:call] agent.subscribeSessionsIndexV4 FAIL (1626.9ms) Error: SQLite startup failed: open_failed
    at KnorviaStorageStartupGate.rejectStartup (file:///workspace/knorvia-studio/packages/server/dist/gui-acceptance-902.mjs:61235:22)
    at KnorviaStorageStartupGate.accept (file:///workspace/knorvia-studio/packages/server/dist/gui-acceptance-902.mjs:61179:14)
    at KnorviaProtocolClient.route (file:///workspace/knorvia-studio/packages/server/dist/gui-acceptance-902.mjs:61490:79)
    at file:///workspace/knorvia-studio/packages/server/dist/gui-acceptance-902.mjs:61380:46
    at Emitter.fire (file:///workspace/knorvia-studio/packages/server/dist/gui-acceptance-902.mjs:33289:11)
    at KnorviaStdioTransport.dispatchFrame (file:///workspace/knorvia-studio/packages/server/dist/gui-acceptance-902.mjs:62664:27)
    at Socket.receiveData (file:///workspace/knorvia-studio/packages/server/dist/gui-acceptance-902.mjs:62656:12)
    at Socket.emit (node:events:508:28)
    at addChunk (node:internal/streams/readable:563:12)
    at readableAddChunkPushByteMode (node:internal/streams/readable:514:3)
[2026-10-03 12:58:21.596] [pid:29864] [knorvia-server:http] [rpc:call] agent.subscribeSessionsIndexV4 FAIL (1620.4ms) Error: SQLite startup failed: open_failed
    at KnorviaStorageStartupGate.rejectStartup (file:///workspace/knorvia-studio/packages/server/dist/gui-acceptance-902.mjs:61235:22)
    at KnorviaStorageStartupGate.accept (file:///workspace/knorvia-studio/packages/server/dist/gui-acceptance-902.mjs:61179:14)
    at KnorviaProtocolClient.route (file:///workspace/knorvia-studio/packages/server/dist/gui-acceptance-902.mjs:61490:79)
    at file:///workspace/knorvia-studio/packages/server/dist/gui-acceptance-902.mjs:61380:46
    at Emitter.fire (file:///workspace/knorvia-studio/packages/server/dist/gui-acceptance-902.mjs:33289:11)
    at KnorviaStdioTransport.dispatchFrame (file:///workspace/knorvia-studio/packages/server/dist/gui-acceptance-902.mjs:62664:27)
    at Socket.receiveData (file:///workspace/knorvia-studio/packages/server/dist/gui-acceptance-902.mjs:62656:12)
    at Socket.emit (node:events:508:28)
    at addChunk (node:internal/streams/readable:563:12)
    at readableAddChunkPushByteMode (node:internal/streams/readable:514:3)
[2026-10-03 12:58:21.596] [pid:29864] [knorvia-server:http] [rpc:call] agent.subscribeSessionsIndexV4 FAIL (1620.2ms) Error: SQLite startup failed: open_failed
    at KnorviaStorageStartupGate.rejectStartup (file:///workspace/knorvia-studio/packages/server/dist/gui-acceptance-902.mjs:61235:22)
    at KnorviaStorageStartupGate.accept (file:///workspace/knorvia-studio/packages/server/dist/gui-acceptance-902.mjs:61179:14)
    at KnorviaProtocolClient.route (file:///workspace/knorvia-studio/packages/server/dist/gui-acceptance-902.mjs:61490:79)
    at file:///workspace/knorvia-studio/packages/server/dist/gui-acceptance-902.mjs:61380:46
    at Emitter.fire (file:///workspace/knorvia-studio/packages/server/dist/gui-acceptance-902.mjs:33289:11)
    at KnorviaStdioTransport.dispatchFrame (file:///workspace/knorvia-studio/packages/server/dist/gui-acceptance-902.mjs:62664:27)
    at Socket.receiveData (file:///workspace/knorvia-studio/packages/server/dist/gui-acceptance-902.mjs:62656:12)
    at Socket.emit (node:events:508:28)
    at addChunk (node:internal/streams/readable:563:12)
    at readableAddChunkPushByteMode (node:internal/streams/readable:514:3)
[2026-10-03 12:58:21.596] [pid:29864] [knorvia-server:http] [rpc:call] agent.subscribeSessionsIndexV4 FAIL (1620.1ms) Error: SQLite startup failed: open_failed
    at KnorviaStorageStartupGate.rejectStartup (file:///workspace/knorvia-studio/packages/server/dist/gui-acceptance-902.mjs:61235:22)
    at KnorviaStorageStartupGate.accept (file:///workspace/knorvia-studio/packages/server/dist/gui-acceptance-902.mjs:61179:14)
    at KnorviaProtocolClient.route (file:///workspace/knorvia-studio/packages/server/dist/gui-acceptance-902.mjs:61490:79)
    at file:///workspace/knorvia-studio/packages/server/dist/gui-acceptance-902.mjs:61380:46
    at Emitter.fire (file:///workspace/knorvia-studio/packages/server/dist/gui-acceptance-902.mjs:33289:11)
    at KnorviaStdioTransport.dispatchFrame (file:///workspace/knorvia-studio/packages/server/dist/gui-acceptance-902.mjs:62664:27)
    at Socket.receiveData (file:///workspace/knorvia-studio/packages/server/dist/gui-acceptance-902.mjs:62656:12)
    at Socket.emit (node:events:508:28)
    at addChunk (node:internal/streams/readable:563:12)
    at readableAddChunkPushByteMode (node:internal/streams/readable:514:3)
[2026-10-03 12:58:21.596] [pid:29864] [knorvia-server:http] [rpc:call] agent.subscribeSessionsIndexV4 FAIL (1620.0ms) Error: SQLite startup failed: open_failed
    at KnorviaStorageStartupGate.rejectStartup (file:///workspace/knorvia-studio/packages/server/dist/gui-acceptance-902.mjs:61235:22)
    at KnorviaStorageStartupGate.accept (file:///workspace/knorvia-studio/packages/server/dist/gui-acceptance-902.mjs:61179:14)
    at KnorviaProtocolClient.route (file:///workspace/knorvia-studio/packages/server/dist/gui-acceptance-902.mjs:61490:79)
    at file:///workspace/knorvia-studio/packages/server/dist/gui-acceptance-902.mjs:61380:46
    at Emitter.fire (file:///workspace/knorvia-studio/packages/server/dist/gui-acceptance-902.mjs:33289:11)
    at KnorviaStdioTransport.dispatchFrame (file:///workspace/knorvia-studio/packages/server/dist/gui-acceptance-902.mjs:62664:27)
    at Socket.receiveData (file:///workspace/knorvia-studio/packages/server/dist/gui-acceptance-902.mjs:62656:12)
    at Socket.emit (node:events:508:28)
    at addChunk (node:internal/streams/readable:563:12)
    at readableAddChunkPushByteMode (node:internal/streams/readable:514:3)
[2026-10-03 12:58:21.597] [pid:29864] [knorvia-server:http] [rpc:call] agent.subscribeSessionsIndexV4 FAIL (1619.7ms) Error: SQLite startup failed: open_failed
    at KnorviaStorageStartupGate.rejectStartup (file:///workspace/knorvia-studio/packages/server/dist/gui-acceptance-902.mjs:61235:22)
    at KnorviaStorageStartupGate.accept (file:///workspace/knorvia-studio/packages/server/dist/gui-acceptance-902.mjs:61179:14)
    at KnorviaProtocolClient.route (file:///workspace/knorvia-studio/packages/server/dist/gui-acceptance-902.mjs:61490:79)
    at file:///workspace/knorvia-studio/packages/server/dist/gui-acceptance-902.mjs:61380:46
    at Emitter.fire (file:///workspace/knorvia-studio/packages/server/dist/gui-acceptance-902.mjs:33289:11)
    at KnorviaStdioTransport.dispatchFrame (file:///workspace/knorvia-studio/packages/server/dist/gui-acceptance-902.mjs:62664:27)
    at Socket.receiveData (file:///workspace/knorvia-studio/packages/server/dist/gui-acceptance-902.mjs:62656:12)
    at Socket.emit (node:events:508:28)
    at addChunk (node:internal/streams/readable:563:12)
    at readableAddChunkPushByteMode (node:internal/streams/readable:514:3)
[2026-10-03 12:58:21.597] [pid:29864] [knorvia-server:http] [rpc:call] agent.subscribeSessionsIndexV4 FAIL (1619.5ms) Error: SQLite startup failed: open_failed
    at KnorviaStorageStartupGate.rejectStartup (file:///workspace/knorvia-studio/packages/server/dist/gui-acceptance-902.mjs:61235:22)
    at KnorviaStorageStartupGate.accept (file:///workspace/knorvia-studio/packages/server/dist/gui-acceptance-902.mjs:61179:14)
    at KnorviaProtocolClient.route (file:///workspace/knorvia-studio/packages/server/dist/gui-acceptance-902.mjs:61490:79)
    at file:///workspace/knorvia-studio/packages/server/dist/gui-acceptance-902.mjs:61380:46
    at Emitter.fire (file:///workspace/knorvia-studio/packages/server/dist/gui-acceptance-902.mjs:33289:11)
    at KnorviaStdioTransport.dispatchFrame (file:///workspace/knorvia-studio/packages/server/dist/gui-acceptance-902.mjs:62664:27)
    at Socket.receiveData (file:///workspace/knorvia-studio/packages/server/dist/gui-acceptance-902.mjs:62656:12)
    at Socket.emit (node:events:508:28)
    at addChunk (node:internal/streams/readable:563:12)
    at readableAddChunkPushByteMode (node:internal/streams/readable:514:3)
[2026-10-03 12:58:21.597] [pid:29864] [knorvia-server:http] [rpc:call] agent.subscribeSessionsIndexV4 FAIL (1619.4ms) Error: SQLite startup failed: open_failed
    at KnorviaStorageStartupGate.rejectStartup (file:///workspace/knorvia-studio/packages/server/dist/gui-acceptance-902.mjs:61235:22)
    at KnorviaStorageStartupGate.accept (file:///workspace/knorvia-studio/packages/server/dist/gui-acceptance-902.mjs:61179:14)
    at KnorviaProtocolClient.route (file:///workspace/knorvia-studio/packages/server/dist/gui-acceptance-902.mjs:61490:79)
    at file:///workspace/knorvia-studio/packages/server/dist/gui-acceptance-902.mjs:61380:46
    at Emitter.fire (file:///workspace/knorvia-studio/packages/server/dist/gui-acceptance-902.mjs:33289:11)
    at KnorviaStdioTransport.dispatchFrame (file:///workspace/knorvia-studio/packages/server/dist/gui-acceptance-902.mjs:62664:27)
    at Socket.receiveData (file:///workspace/knorvia-studio/packages/server/dist/gui-acceptance-902.mjs:62656:12)
    at Socket.emit (node:events:508:28)
    at addChunk (node:internal/streams/readable:563:12)
    at readableAddChunkPushByteMode (node:internal/streams/readable:514:3)
[2026-10-03 12:58:21.597] [pid:29864] [knorvia-server:http] [rpc:call] agent.subscribeSessionsIndexV4 FAIL (1612.7ms) Error: SQLite startup failed: open_failed
    at KnorviaStorageStartupGate.rejectStartup (file:///workspace/knorvia-studio/packages/server/dist/gui-acceptance-902.mjs:61235:22)
    at KnorviaStorageStartupGate.accept (file:///workspace/knorvia-studio/packages/server/dist/gui-acceptance-902.mjs:61179:14)
    at KnorviaProtocolClient.route (file:///workspace/knorvia-studio/packages/server/dist/gui-acceptance-902.mjs:61490:79)
    at file:///workspace/knorvia-studio/packages/server/dist/gui-acceptance-902.mjs:61380:46
    at Emitter.fire (file:///workspace/knorvia-studio/packages/server/dist/gui-acceptance-902.mjs:33289:11)
    at KnorviaStdioTransport.dispatchFrame (file:///workspace/knorvia-studio/packages/server/dist/gui-acceptance-902.mjs:62664:27)
    at Socket.receiveData (file:///workspace/knorvia-studio/packages/server/dist/gui-acceptance-902.mjs:62656:12)
    at Socket.emit (node:events:508:28)
    at addChunk (node:internal/streams/readable:563:12)
    at readableAddChunkPushByteMode (node:internal/streams/readable:514:3)
[2026-10-03 12:58:21.597] [pid:29864] [knorvia-server:http] [rpc:call] agent.subscribeConversationV4 FAIL (1750.9ms) Error: SQLite startup failed: open_failed
    at KnorviaStorageStartupGate.rejectStartup (file:///workspace/knorvia-studio/packages/server/dist/gui-acceptance-902.mjs:61235:22)
    at KnorviaStorageStartupGate.accept (file:///workspace/knorvia-studio/packages/server/dist/gui-acceptance-902.mjs:61179:14)
    at KnorviaProtocolClient.route (file:///workspace/knorvia-studio/packages/server/dist/gui-acceptance-902.mjs:61490:79)
    at file:///workspace/knorvia-studio/packages/server/dist/gui-acceptance-902.mjs:61380:46
    at Emitter.fire (file:///workspace/knorvia-studio/packages/server/dist/gui-acceptance-902.mjs:33289:11)
    at KnorviaStdioTransport.dispatchFrame (file:///workspace/knorvia-studio/packages/server/dist/gui-acceptance-902.mjs:62664:27)
    at Socket.receiveData (file:///workspace/knorvia-studio/packages/server/dist/gui-acceptance-902.mjs:62656:12)
    at Socket.emit (node:events:508:28)
    at addChunk (node:internal/streams/readable:563:12)
    at readableAddChunkPushByteMode (node:internal/streams/readable:514:3)
[2026-10-03 12:58:21.634] [pid:29864] [agent] Knorvia Studio agent process exited {
  workspaceKey: '/tmp/knorvia-ui-gui-20261003-bxvoxp5q/workspaces/alpha',
  pid: 30392,
  runtimeIdentity: '/tmp/knorvia-ui-gui-20261003-bxvoxp5q/workspaces/alpha:2:30392',
  code: 1,
  signal: null,
  terminationKind: 'unexpected',
  terminationReason: 'protocol-close'
}
[2026-10-03 12:58:21.635] [pid:29864] [agent] Knorvia Studio agent process exited unexpectedly {
  workspaceKey: '/tmp/knorvia-ui-gui-20261003-bxvoxp5q/workspaces/alpha',
  pid: 30392,
  runtimeIdentity: '/tmp/knorvia-ui-gui-20261003-bxvoxp5q/workspaces/alpha:2:30392',
  code: 1,
  signal: null,
  terminationKind: 'unexpected',
  terminationReason: 'protocol-close',
  stderr: {
    lineCount: 1,
    tail: [
      'Error: Failed to open SQLite session database at /home/agent/.knorvia-studio/cli/db/db.sqlite'
    ]
  }
}
[2026-10-03 12:58:21.645] [pid:29864] [agent] Knorvia Studio agent process cleanup completed {
  workspaceKey: '/tmp/knorvia-ui-gui-20261003-bxvoxp5q/workspaces/alpha',
  pid: 30392,
  runtimeIdentity: '/tmp/knorvia-ui-gui-20261003-bxvoxp5q/workspaces/alpha:2:30392',
  reason: 'protocol-close'
}
[2026-10-03 13:00:22.477] [pid:29864] [knorvia-server:http] [rpc:register] channel "window-controller"
[2026-10-03 13:00:22.609] [pid:29864] [knorvia-server:http] [rpc:register] channel "window-controller"
[2026-10-03 13:00:23.096] [pid:29864] [knorvia-server:http] [rpc:register] channel "window-controller"
[2026-10-03 13:00:23.316] [pid:29864] [knorvia-server:http] [rpc:register] channel "window-controller"
[2026-10-03 13:00:23.324] [pid:29864] [knorvia-server:http] [rpc:register] channel "window-controller"
[2026-10-03 13:00:23.371] [pid:29864] [knorvia-server:http] [rpc:call] window-controller.subscribeControllerV4 OK (0.5ms)
[2026-10-03 13:00:23.371] [pid:29864] [knorvia-server:http] [rpc:call] window-controller.subscribeControllerV4 OK (0.2ms)
[2026-10-03 13:00:23.377] [pid:29864] [knorvia-server:http] [rpc:call] window-controller.listTaskList OK (0.1ms)
[2026-10-03 13:00:23.486] [pid:29864] [knorvia-server:http] [rpc:call] window-controller.subscribeControllerV4 OK (0.5ms)
[2026-10-03 13:00:23.486] [pid:29864] [knorvia-server:http] [rpc:call] window-controller.subscribeControllerV4 OK (0.2ms)
[2026-10-03 13:00:23.502] [pid:29864] [knorvia-server:http] [rpc:register] channel "window-controller"
[2026-10-03 13:00:23.517] [pid:29864] [knorvia-server:http] [rpc:call] window-controller.listTaskList OK (1.5ms)
[2026-10-03 13:00:24.367] [pid:29864] [knorvia-server:http] [rpc:call] window-controller.listTaskList OK (0.1ms)
[2026-10-03 13:00:24.368] [pid:29864] [knorvia-server:http] [rpc:register] channel "window-controller"
[2026-10-03 13:00:24.403] [pid:29864] [knorvia-server:http] [rpc:register] channel "window-controller"
[2026-10-03 13:00:24.454] [pid:29864] [knorvia-server:http] [rpc:register] channel "window-controller"
[2026-10-03 13:00:24.468] [pid:29864] [knorvia-server:http] [rpc:call] window-controller.subscribeControllerV4 OK (0.3ms)
[2026-10-03 13:00:24.468] [pid:29864] [knorvia-server:http] [rpc:call] window-controller.subscribeControllerV4 OK (0.2ms)
[2026-10-03 13:00:24.482] [pid:29864] [knorvia-server:http] [rpc:call] window-controller.listTaskList OK (0.1ms)
[2026-10-03 13:00:24.528] [pid:29864] [knorvia-server:http] [rpc:call] window-controller.listTaskList OK (0.1ms)
[2026-10-03 13:00:24.720] [pid:29864] [knorvia-server:http] [rpc:register] channel "window-controller"
[2026-10-03 13:00:24.866] [pid:29864] [knorvia-server:http] [rpc:call] window-controller.subscribeControllerV4 OK (0.4ms)
[2026-10-03 13:00:24.866] [pid:29864] [knorvia-server:http] [rpc:call] window-controller.subscribeControllerV4 OK (0.3ms)
[2026-10-03 13:00:24.877] [pid:29864] [knorvia-server:http] [rpc:call] window-controller.listTaskList OK (0.1ms)
[2026-10-03 13:00:24.964] [pid:29864] [knorvia-server:http] [rpc:register] channel "window-controller"
[2026-10-03 13:00:24.978] [pid:29864] [knorvia-server:http] [rpc:register] channel "window-controller"
[2026-10-03 13:00:24.989] [pid:29864] [knorvia-server:http] [rpc:call] window-controller.subscribeControllerV4 OK (0.4ms)
[2026-10-03 13:00:24.989] [pid:29864] [knorvia-server:http] [rpc:call] window-controller.subscribeControllerV4 OK (0.2ms)
[2026-10-03 13:00:24.989] [pid:29864] [knorvia-server:http] [rpc:call] window-controller.listTaskList OK (0.2ms)
[2026-10-03 13:00:25.017] [pid:29864] [knorvia-server:http] [rpc:register] channel "window-controller"
[2026-10-03 13:00:25.168] [pid:29864] [knorvia-server:http] [rpc:call] window-controller.subscribeControllerV4 OK (12.0ms)
[2026-10-03 13:00:25.168] [pid:29864] [knorvia-server:http] [rpc:call] window-controller.subscribeControllerV4 OK (11.7ms)
[2026-10-03 13:00:25.168] [pid:29864] [knorvia-server:http] [rpc:call] window-controller.listTaskList OK (0.3ms)
[2026-10-03 13:00:25.693] [pid:29864] [knorvia-server:http] [rpc:call] window-controller.listTaskList OK (0.1ms)
[2026-10-03 13:00:26.107] [pid:29864] [knorvia-server:http] [rpc:call] window-controller.listTaskList OK (0.2ms)
[2026-10-03 13:00:26.262] [pid:29864] [knorvia-server:http] [rpc:call] window-controller.listTaskList OK (4.9ms)
[2026-10-03 13:00:26.499] [pid:29864] [knorvia-server:http] [rpc:call] window-controller.subscribeControllerV4 OK (0.3ms)
[2026-10-03 13:00:26.499] [pid:29864] [knorvia-server:http] [rpc:call] window-controller.subscribeControllerV4 OK (0.1ms)
[2026-10-03 13:00:26.500] [pid:29864] [knorvia-server:http] [rpc:call] window-controller.listTaskList OK (0.3ms)
[2026-10-03 13:00:26.519] [pid:29864] [knorvia-server:http] [rpc:call] window-controller.listTaskList OK (0.2ms)
[2026-10-03 13:00:26.520] [pid:29864] [knorvia-server:http] [rpc:call] window-controller.subscribeControllerV4 OK (0.2ms)
[2026-10-03 13:00:26.520] [pid:29864] [knorvia-server:http] [rpc:call] window-controller.subscribeControllerV4 OK (0.1ms)
[2026-10-03 13:00:26.581] [pid:29864] [knorvia-server:http] [rpc:call] window-controller.listTaskList OK (0.8ms)
[2026-10-03 13:00:26.588] [pid:29864] [knorvia-server:http] [rpc:call] window-controller.subscribeControllerV4 OK (6.7ms)
[2026-10-03 13:00:26.588] [pid:29864] [knorvia-server:http] [rpc:call] window-controller.subscribeControllerV4 OK (6.6ms)
[2026-10-03 13:00:26.593] [pid:29864] [knorvia-server:http] [rpc:call] window-controller.listTaskList OK (11.2ms)
[2026-10-03 13:00:26.654] [pid:29864] [knorvia-server:http] [rpc:call] window-controller.subscribeControllerV4 OK (26.9ms)
[2026-10-03 13:00:26.655] [pid:29864] [knorvia-server:http] [rpc:call] window-controller.subscribeControllerV4 OK (27.0ms)
[2026-10-03 13:00:26.656] [pid:29864] [knorvia-server:http] [rpc:call] window-controller.listTaskList OK (27.9ms)
[2026-10-03 13:00:26.772] [pid:29864] [knorvia-server:http] [rpc:call] window-controller.subscribeControllerV4 OK (0.4ms)
[2026-10-03 13:00:26.772] [pid:29864] [knorvia-server:http] [rpc:call] window-controller.subscribeControllerV4 OK (0.2ms)
[2026-10-03 13:00:26.772] [pid:29864] [knorvia-server:http] [rpc:call] window-controller.listTaskList OK (0.2ms)
[2026-10-03 13:00:26.826] [pid:29864] [knorvia-server:http] [rpc:call] window-controller.subscribeControllerV4 OK (0.4ms)
[2026-10-03 13:00:26.826] [pid:29864] [knorvia-server:http] [rpc:call] window-controller.subscribeControllerV4 OK (0.2ms)
[2026-10-03 13:00:26.826] [pid:29864] [knorvia-server:http] [rpc:call] window-controller.listTaskList OK (0.2ms)
[2026-10-03 13:00:27.171] [pid:29864] [knorvia-server:http] [rpc:call] window-controller.subscribeControllerV4 OK (0.6ms)
[2026-10-03 13:00:27.172] [pid:29864] [knorvia-server:http] [rpc:call] window-controller.subscribeControllerV4 OK (0.4ms)
[2026-10-03 13:00:27.172] [pid:29864] [knorvia-server:http] [rpc:call] window-controller.listTaskList OK (0.4ms)
[2026-10-03 13:00:27.675] [pid:29864] [knorvia-server:http] [rpc:call] window-controller.listTaskList OK (0.5ms)
[2026-10-03 13:00:27.757] [pid:29864] [knorvia-server:http] [rpc:call] window-controller.listTaskList OK (1.0ms)
[2026-10-03 13:00:27.789] [pid:29864] [knorvia-server:http] [rpc:call] window-controller.listTaskList OK (0.1ms)
[2026-10-03 13:00:27.958] [pid:29864] [knorvia-server:http] [rpc:call] window-controller.listTaskList OK (0.1ms)
[2026-10-03 13:00:28.025] [pid:29864] [knorvia-server:http] [rpc:call] window-controller.listTaskList OK (0.1ms)
[2026-10-03 13:00:28.052] [pid:29864] [knorvia-server:http] [rpc:call] window-controller.listTaskList OK (0.1ms)
[2026-10-03 13:00:28.288] [pid:29864] [knorvia-server:http] [rpc:call] window-controller.listTaskList OK (0.3ms)
[2026-10-03 13:01:08.923] [pid:29864] [knorvia-server:http] [rpc:register] channel "window-controller"
[2026-10-03 13:01:08.935] [pid:29864] [agent] Knorvia Studio agent spawn preflight {
  workspaceKey: '/tmp/knorvia-ui-gui-20261003-bxvoxp5q/workspaces/alpha',
  spawnPreflight: {
    command: '/tmp/knorvia-ui-node-24.14-ng6jirph/node-v24.14.0-linux-x64/bin/node',
    args: [
      '/workspace/knorvia-studio/apps/cli/packages/cli/dist/knorvia.cjs',
      'app-server',
      '--stdio'
    ],
    requestedCwd: '/tmp/knorvia-ui-gui-20261003-bxvoxp5q/workspaces/alpha',
    cwd: '/tmp/knorvia-ui-gui-20261003-bxvoxp5q/workspaces/alpha',
    cwdSource: 'command',
    commandPathKind: 'absolute',
    commandExists: true,
    cwdExists: true
  }
}
[2026-10-03 13:01:10.609] [pid:29864] [knorvia-server:http] [rpc:call] agent.prepareStorage FAIL (1677.0ms) Error: SQLite startup failed: open_failed
    at KnorviaStorageStartupGate.rejectStartup (file:///workspace/knorvia-studio/packages/server/dist/gui-acceptance-902.mjs:61235:22)
    at KnorviaStorageStartupGate.accept (file:///workspace/knorvia-studio/packages/server/dist/gui-acceptance-902.mjs:61179:14)
    at KnorviaProtocolClient.route (file:///workspace/knorvia-studio/packages/server/dist/gui-acceptance-902.mjs:61490:79)
    at file:///workspace/knorvia-studio/packages/server/dist/gui-acceptance-902.mjs:61380:46
    at Emitter.fire (file:///workspace/knorvia-studio/packages/server/dist/gui-acceptance-902.mjs:33289:11)
    at KnorviaStdioTransport.dispatchFrame (file:///workspace/knorvia-studio/packages/server/dist/gui-acceptance-902.mjs:62664:27)
    at Socket.receiveData (file:///workspace/knorvia-studio/packages/server/dist/gui-acceptance-902.mjs:62656:12)
    at Socket.emit (node:events:508:28)
    at addChunk (node:internal/streams/readable:563:12)
    at readableAddChunkPushByteMode (node:internal/streams/readable:514:3)
[2026-10-03 13:01:10.609] [pid:29864] [knorvia-task-index-syncer] task index sessions-index 订阅失败 reason=runtime-restart workspace=/tmp/knorvia-ui-gui-20261003-bxvoxp5q/workspaces/alpha {
  name: 'Error',
  message: 'SQLite startup failed: open_failed',
  stack: 'Error: SQLite startup failed: open_failed\n' +
    '    at KnorviaStorageStartupGate.rejectStartup (file:///workspace/knorvia-studio/packages/server/dist/gui-acceptance-902.mjs:61235:22)\n' +
    '    at KnorviaStorageStartupGate.accept (file:///workspace/knorvia-studio/packages/server/dist/gui-acceptance-902.mjs:61179:14)\n' +
    '    at KnorviaProtocolClient.route (file:///workspace/knorvia-studio/packages/server/dist/gui-acceptance-902.mjs:61490:79)\n' +
    '    at file:///workspace/knorvia-studio/packages/server/dist/gui-acceptance-902.mjs:61380:46\n' +
    '    at Emitter.fire (file:///workspace/knorvia-studio/packages/server/dist/gui-acceptance-902.mjs:33289:11)\n' +
    '    at KnorviaStdioTransport.dispatchFrame (file:///workspace/knorvia-studio/packages/server/dist/gui-acceptance-902.mjs:62664:27)\n' +
    '    at Socket.receiveData (file:///workspace/knorvia-studio/packages/server/dist/gui-acceptance-902.mjs:62656:12)\n' +
    '    at Socket.emit (node:events:508:28)\n' +
    '    at addChunk (node:internal/streams/readable:563:12)\n' +
    '    at readableAddChunkPushByteMode (node:internal/streams/readable:514:3)'
}
[2026-10-03 13:01:10.610] [pid:29864] [knorvia-task-index-syncer] task index workspace-config 订阅失败 reason=runtime-restart workspace=/tmp/knorvia-ui-gui-20261003-bxvoxp5q/workspaces/alpha {
  name: 'Error',
  message: 'SQLite startup failed: open_failed',
  stack: 'Error: SQLite startup failed: open_failed\n' +
    '    at KnorviaStorageStartupGate.rejectStartup (file:///workspace/knorvia-studio/packages/server/dist/gui-acceptance-902.mjs:61235:22)\n' +
    '    at KnorviaStorageStartupGate.accept (file:///workspace/knorvia-studio/packages/server/dist/gui-acceptance-902.mjs:61179:14)\n' +
    '    at KnorviaProtocolClient.route (file:///workspace/knorvia-studio/packages/server/dist/gui-acceptance-902.mjs:61490:79)\n' +
    '    at file:///workspace/knorvia-studio/packages/server/dist/gui-acceptance-902.mjs:61380:46\n' +
    '    at Emitter.fire (file:///workspace/knorvia-studio/packages/server/dist/gui-acceptance-902.mjs:33289:11)\n' +
    '    at KnorviaStdioTransport.dispatchFrame (file:///workspace/knorvia-studio/packages/server/dist/gui-acceptance-902.mjs:62664:27)\n' +
    '    at Socket.receiveData (file:///workspace/knorvia-studio/packages/server/dist/gui-acceptance-902.mjs:62656:12)\n' +
    '    at Socket.emit (node:events:508:28)\n' +
    '    at addChunk (node:internal/streams/readable:563:12)\n' +
    '    at readableAddChunkPushByteMode (node:internal/streams/readable:514:3)'
}
[2026-10-03 13:01:10.610] [pid:29864] [knorvia-server:http] window-controller source failed { operation: 'refresh', message: 'SQLite startup failed: open_failed' }
[2026-10-03 13:01:10.645] [pid:29864] [agent] Knorvia Studio agent process exited {
  workspaceKey: '/tmp/knorvia-ui-gui-20261003-bxvoxp5q/workspaces/alpha',
  pid: 31013,
  runtimeIdentity: '/tmp/knorvia-ui-gui-20261003-bxvoxp5q/workspaces/alpha:3:31013',
  code: 1,
  signal: null,
  terminationKind: 'unexpected',
  terminationReason: 'protocol-close'
}
[2026-10-03 13:01:10.645] [pid:29864] [agent] Knorvia Studio agent process exited unexpectedly {
  workspaceKey: '/tmp/knorvia-ui-gui-20261003-bxvoxp5q/workspaces/alpha',
  pid: 31013,
  runtimeIdentity: '/tmp/knorvia-ui-gui-20261003-bxvoxp5q/workspaces/alpha:3:31013',
  code: 1,
  signal: null,
  terminationKind: 'unexpected',
  terminationReason: 'protocol-close',
  stderr: {
    lineCount: 1,
    tail: [
      'Error: Failed to open SQLite session database at /home/agent/.knorvia-studio/cli/db/db.sqlite'
    ]
  }
}
[2026-10-03 13:01:10.654] [pid:29864] [agent] Knorvia Studio agent process cleanup completed {
  workspaceKey: '/tmp/knorvia-ui-gui-20261003-bxvoxp5q/workspaces/alpha',
  pid: 31013,
  runtimeIdentity: '/tmp/knorvia-ui-gui-20261003-bxvoxp5q/workspaces/alpha:3:31013',
  reason: 'protocol-close'
}
[2026-10-03 13:05:26.904] [pid:29864] [knorvia-server:http] [rpc:register] channel "window-controller"
