TAP version 13
# (node:16204) ExperimentalWarning: Module mocking is an experimental feature and might change at any time
# (Use `node --trace-warnings ...` to show where the warning was created)
# Subtest: synthetic stdio ports preserve frames, callback backpressure, cleanup deadlines and process authority
ok 1 - synthetic stdio ports preserve frames, callback backpressure, cleanup deadlines and process authority
  ---
  duration_ms: 6.730536
  type: 'test'
  ...
# (node:16216) ExperimentalWarning: Module mocking is an experimental feature and might change at any time
# (Use `node --trace-warnings ...` to show where the warning was created)
# Subtest: Linux completion uses current state and identity without concealing active processes
    # Subtest: snapshot retains Linux state with exact ticks and group even when comm contains parentheses
    ok 1 - snapshot retains Linux state with exact ticks and group even when comm contains parentheses
      ---
      duration_ms: 1.9735
      type: 'test'
      ...
    # Subtest: current Z settles a zombie-only tree despite an existing PID
    ok 2 - current Z settles a zombie-only tree despite an existing PID
      ---
      duration_ms: 0.75084
      type: 'test'
      ...
    # Subtest: PPid 1 with current Z keeps the ticks/PGID authority boundary
    ok 3 - PPid 1 with current Z keeps the ticks/PGID authority boundary
      ---
      duration_ms: 0.313101
      type: 'test'
      ...
    # Subtest: PPid 1 with current S keeps the ticks/PGID authority boundary
    ok 4 - PPid 1 with current S keeps the ticks/PGID authority boundary
      ---
      duration_ms: 0.563007
      type: 'test'
      ...
    # Subtest: force-completion observes transition from working to Z
    ok 5 - force-completion observes transition from working to Z
      ---
      duration_ms: 0.359801
      type: 'test'
      ...
    # Subtest: current R remains active even with cached Z
    ok 6 - current R remains active even with cached Z
      ---
      duration_ms: 0.284217
      type: 'test'
      ...
    # Subtest: current S remains active even with cached Z
    ok 7 - current S remains active even with cached Z
      ---
      duration_ms: 0.307262
      type: 'test'
      ...
    # Subtest: current D remains active even with cached Z
    ok 8 - current D remains active even with cached Z
      ---
      duration_ms: 0.230166
      type: 'test'
      ...
    # Subtest: current T remains active even with cached Z
    ok 9 - current T remains active even with cached Z
      ---
      duration_ms: 0.274683
      type: 'test'
      ...
    # Subtest: current t remains active even with cached Z
    ok 10 - current t remains active even with cached Z
      ---
      duration_ms: 0.454334
      type: 'test'
      ...
    # Subtest: current I remains active even with cached Z
    ok 11 - current I remains active even with cached Z
      ---
      duration_ms: 0.213932
      type: 'test'
      ...
    # Subtest: current ? remains active even with cached Z
    ok 12 - current ? remains active even with cached Z
      ---
      duration_ms: 0.206681
      type: 'test'
      ...
    # Subtest: a reused PID is outside the old ticks identity
    ok 13 - a reused PID is outside the old ticks identity
      ---
      duration_ms: 0.215284
      type: 'test'
      ...
    # Subtest: a different PGID is outside the tracked group identity
    ok 14 - a different PGID is outside the tracked group identity
      ---
      duration_ms: 0.203296
      type: 'test'
      ...
    # Subtest: malformed stat is inconclusive while signal-zero still succeeds
    ok 15 - malformed stat is inconclusive while signal-zero still succeeds
      ---
      duration_ms: 0.160561
      type: 'test'
      ...
    # Subtest: malformed stat is inconclusive while signal-zero still succeeds
    ok 16 - malformed stat is inconclusive while signal-zero still succeeds
      ---
      duration_ms: 0.11948
      type: 'test'
      ...
    # Subtest: malformed stat is inconclusive while signal-zero still succeeds
    ok 17 - malformed stat is inconclusive while signal-zero still succeeds
      ---
      duration_ms: 0.091768
      type: 'test'
      ...
    # Subtest: unreadable stat keeps a PID that still responds to signal-zero
    ok 18 - unreadable stat keeps a PID that still responds to signal-zero
      ---
      duration_ms: 0.200892
      type: 'test'
      ...
    # Subtest: an inconclusive Linux probe failure does not prove absence
    ok 19 - an inconclusive Linux probe failure does not prove absence
      ---
      duration_ms: 0.156856
      type: 'test'
      ...
    # Subtest: an inconclusive Linux probe failure does not prove absence
    ok 20 - an inconclusive Linux probe failure does not prove absence
      ---
      duration_ms: 0.105298
      type: 'test'
      ...
    # Subtest: an inconclusive Linux probe failure does not prove absence
    ok 21 - an inconclusive Linux probe failure does not prove absence
      ---
      duration_ms: 0.115324
      type: 'test'
      ...
    # Subtest: an inconclusive Linux probe failure does not prove absence
    ok 22 - an inconclusive Linux probe failure does not prove absence
      ---
      duration_ms: 0.145499
      type: 'test'
      ...
    # Subtest: ESRCH establishes absence when stat is unavailable
    ok 23 - ESRCH establishes absence when stat is unavailable
      ---
      duration_ms: 0.157127
      type: 'test'
      ...
    # Subtest: a current zombie-only unverified Linux root has stopped work
    ok 24 - a current zombie-only unverified Linux root has stopped work
      ---
      duration_ms: 0.13305
      type: 'test'
      ...
    # Subtest: darwin observation keeps existing semantics and never reads proc
    ok 25 - darwin observation keeps existing semantics and never reads proc
      ---
      duration_ms: 0.175504
      type: 'test'
      ...
    # Subtest: win32 observation keeps existing semantics and never reads proc
    ok 26 - win32 observation keeps existing semantics and never reads proc
      ---
      duration_ms: 0.188353
      type: 'test'
      ...
    1..26
ok 2 - Linux completion uses current state and identity without concealing active processes
  ---
  duration_ms: 20.635376
  type: 'test'
  ...
# Subtest: isolated Linux unreaped child is complete while a real sleeping child stays remaining
ok 3 - isolated Linux unreaped child is complete while a real sleeping child stays remaining
  ---
  duration_ms: 45.36987
  type: 'test'
  ...
# {"kind":"test-owned-processes","root":16240,"zombie":{"parentPid":16240,"pid":16241,"processGroupId":16240,"startTime":"linux-ticks:2755343","linuxState":"Z"},"live":{"parentPid":16240,"pid":16242,"processGroupId":16240,"startTime":"linux-ticks:2755343","linuxState":"S"},"actualState":"Z"}
# (node:16244) ExperimentalWarning: Module mocking is an experimental feature and might change at any time
# (Use `node --trace-warnings ...` to show where the warning was created)
# Subtest: fake ownership ports reject reused root and prohibit discovery when authorization is absent
ok 4 - fake ownership ports reject reused root and prohibit discovery when authorization is absent
  ---
  duration_ms: 1.198361
  type: 'test'
  ...
# (node:16256) ExperimentalWarning: Module mocking is an experimental feature and might change at any time
# (Use `node --trace-warnings ...` to show where the warning was created)
# Subtest: synthetic snapshots deny missing or reused root identities and avoid unrelated proc reads
ok 5 - synthetic snapshots deny missing or reused root identities and avoid unrelated proc reads
  ---
  duration_ms: 8.83879
  type: 'test'
  ...
# (node:16268) ExperimentalWarning: Module mocking is an experimental feature and might change at any time
# (Use `node --trace-warnings ...` to show where the warning was created)
# Subtest: synthetic termination preserves PID permissions, force containment and unavailable cleanup
ok 6 - synthetic termination preserves PID permissions, force containment and unavailable cleanup
  ---
  duration_ms: 21.018471
  type: 'test'
  ...
# Subtest: synthetic waiter replaces stale identities and performs only signal-zero observations
ok 7 - synthetic waiter replaces stale identities and performs only signal-zero observations
  ---
  duration_ms: 11.101706
  type: 'test'
  ...
1..7
# tests 33
# suites 0
# pass 33
# fail 0
# cancelled 0
# skipped 0
# todo 0
# duration_ms 1205.853245
