✖ complete default exporter selects diagnostic roots, sanitizes chunked encodings, stages ZIP and retires the stage (66.946972ms)
ℹ tests 1
ℹ suites 0
ℹ pass 0
ℹ fail 1
ℹ cancelled 0
ℹ skipped 0
ℹ todo 0
ℹ duration_ms 251.253502

✖ failing tests:

test at packages/desktop/test/native-export-log-owner-contract.test.mjs:162:1
✖ complete default exporter selects diagnostic roots, sanitizes chunked encodings, stages ZIP and retires the stage (66.946972ms)
  AssertionError [ERR_ASSERTION]: Expected values to be strictly deep-equal:
  + actual - expected
  
    [
  -   '.knorvia-studio/cli/log/cli.log',
  -   '.knorvia-studio/computer-use/run/helper.exit.log',
      'about.txt',
      'logs/today.log',
      'logs/unicode.txt'
    ]
  
      at TestContext.<anonymous> (file:///workspace/knorvia-studio/packages/desktop/test/native-export-log-owner-contract.test.mjs:189:10)
      at process.processTicksAndRejections (node:internal/process/task_queues:104:5)
      at async Test.run (node:internal/test_runner/test:1125:7)
      at async startSubtestAfterBootstrap (node:internal/test_runner/harness:358:3) {
    generatedMessage: true,
    code: 'ERR_ASSERTION',
    actual: [ 'about.txt', 'logs/today.log', 'logs/unicode.txt' ],
    expected: [ '.knorvia-studio/cli/log/cli.log', '.knorvia-studio/computer-use/run/helper.exit.log', 'about.txt', 'logs/today.log', 'logs/unicode.txt' ],
    operator: 'deepStrictEqual',
    diff: 'simple'
  }
