(node:18657) ExperimentalWarning: Module mocking is an experimental feature and might change at any time
(Use `node --trace-warnings ...` to show where the warning was created)
✔ catalog callers cannot mutate the next discovery's candidate arrays (2.610489ms)
✔ product catalog retains all platform roots and channel order (17.776125ms)
✔ running installation evidence retains every explicit directory and first fallback (1.155604ms)
✔ process executable spelling, Mac spaces and existing parse boundaries remain (0.436699ms)
✔ executable tiers preserve overrides, process and registration priority (6.286194ms)
✔ regular-file and execute-permission admission continue to later candidates (3.253849ms)
✔ registered Linux desktop entries precede PATH and retain env token handling (5.021977ms)
✔ Linux PATH name order dominates directory order and installation tier (2.845333ms)
✔ Mac Spotlight ignores stale applications and keeps the same query (3.15507ms)
✔ process enumeration keeps command options, filtering and failure continuation (1.368265ms)
✔ profile last_used precedes Default and explicit executable keeps existence-only semantics (16.743562ms)
✔ empty Default and stale last_used do not hide cached nonstandard importable profile (5.702784ms)
✔ malformed Local State falls back and earliest ambiguity blocks later installation (4.377875ms)
✔ empty standard and environment profiles fall through to running Snap data (6.981794ms)
✔ empty cache names retain sole-profile rejection and ambiguity semantics (6.722122ms)
✔ policy query failure continues to HKLM and preserves unknown placeholder text (2.915538ms)
✔ a direct executable hit keeps operating-system registration collection lazy (0.850944ms)
✔ Windows policy roots expand placeholders in order and keep HKCU priority (5.980313ms)
✔ profile absence and valid JSON null retain distinct bad-input results (2.359219ms)
✔ Crashpad known prefixes preserve first valid values and prefix-group output order (1.820417ms)
✔ Crashpad length bounds, controls, truncation and trailing NUL remain safe (10.579422ms)
✔ Crashpad alignment is absolute and invalid text does not hide a later valid record (1.122533ms)
✔ V8 summary keeps every field, conversions and diagnostics bounds (0.818676ms)
✔ OOM classification preserves precedence, exact thresholds and nullable bad values (0.71584ms)
(node:18736) ExperimentalWarning: Module mocking is an experimental feature and might change at any time
(Use `node --trace-warnings ...` to show where the warning was created)
(node:18736) ExperimentalWarning: SQLite is an experimental feature and might change at any time
✔ archived crash metadata hides credentials found in native annotations (1721.364528ms)
✔ default desktop startup does not enable raw memory dump capture (15.359204ms)
ℹ tests 26
ℹ suites 0
ℹ pass 26
ℹ fail 0
ℹ cancelled 0
ℹ skipped 0
ℹ todo 0
ℹ duration_ms 2376.628327
